Archive member included to satisfy reference by file (symbol)

c:/Users/linmo/Desktop/Golden_Top/software/hw_sw_bsp/\libhal_bsp.a(alt_load.o)
                              c:/Users/linmo/Desktop/Golden_Top/software/hw_sw_bsp//obj/HAL/src/crt0.o (alt_load)
c:/Users/linmo/Desktop/Golden_Top/software/hw_sw_bsp/\libhal_bsp.a(alt_main.o)
                              c:/Users/linmo/Desktop/Golden_Top/software/hw_sw_bsp//obj/HAL/src/crt0.o (alt_main)
c:/Users/linmo/Desktop/Golden_Top/software/hw_sw_bsp/\libhal_bsp.a(alt_putstr.o)
                              obj/default/DE_hello_world.o (alt_putstr)
c:/Users/linmo/Desktop/Golden_Top/software/hw_sw_bsp/\libhal_bsp.a(alt_sys_init.o)
                              c:/Users/linmo/Desktop/Golden_Top/software/hw_sw_bsp/\libhal_bsp.a(alt_main.o) (alt_irq_init)
c:/Users/linmo/Desktop/Golden_Top/software/hw_sw_bsp/\libhal_bsp.a(altera_avalon_jtag_uart_write.o)
                              c:/Users/linmo/Desktop/Golden_Top/software/hw_sw_bsp/\libhal_bsp.a(alt_putstr.o) (altera_avalon_jtag_uart_write)
c:/Users/linmo/Desktop/Golden_Top/software/hw_sw_bsp/\libhal_bsp.a(alt_dcache_flush_all.o)
                              c:/Users/linmo/Desktop/Golden_Top/software/hw_sw_bsp/\libhal_bsp.a(alt_load.o) (alt_dcache_flush_all)
c:/Users/linmo/Desktop/Golden_Top/software/hw_sw_bsp/\libhal_bsp.a(alt_icache_flush_all.o)
                              c:/Users/linmo/Desktop/Golden_Top/software/hw_sw_bsp/\libhal_bsp.a(alt_load.o) (alt_icache_flush_all)
c:/Users/linmo/Desktop/Golden_Top/software/hw_sw_bsp/\libhal_bsp.a(altera_nios2_gen2_irq.o)
                              c:/Users/linmo/Desktop/Golden_Top/software/hw_sw_bsp/\libhal_bsp.a(alt_sys_init.o) (altera_nios2_gen2_irq_init)
d:/nios2eds/bin/gnu/h-x86_64-mingw32/bin/../lib/gcc/nios2-elf/10.3.1/../../../../../H-x86_64-mingw32/nios2-elf/lib/mno-hw-mul\libsmallc.a(lib_a-memcpy.o)
                              c:/Users/linmo/Desktop/Golden_Top/software/hw_sw_bsp/\libhal_bsp.a(alt_load.o) (memcpy)
d:/nios2eds/bin/gnu/h-x86_64-mingw32/bin/../lib/gcc/nios2-elf/10.3.1/../../../../../H-x86_64-mingw32/nios2-elf/lib/mno-hw-mul\libsmallc.a(lib_a-strlen.o)
                              c:/Users/linmo/Desktop/Golden_Top/software/hw_sw_bsp/\libhal_bsp.a(alt_putstr.o) (strlen)

Memory Configuration

Name             Origin             Length             Attributes
reset            0x0000000000010000 0x0000000000000020
onchip_memory2_0 0x0000000000010020 0x000000000000ffe0
*default*        0x0000000000000000 0xffffffffffffffff

Linker script and memory map

LOAD c:/Users/linmo/Desktop/Golden_Top/software/hw_sw_bsp//obj/HAL/src/crt0.o
LOAD obj/default/DE_hello_world.o
LOAD d:/nios2eds/bin/gnu/h-x86_64-mingw32/bin/../lib/gcc/nios2-elf/10.3.1/../../../../../H-x86_64-mingw32/nios2-elf/lib/mno-hw-mul\libstdc++.a
LOAD d:/nios2eds/bin/gnu/h-x86_64-mingw32/bin/../lib/gcc/nios2-elf/10.3.1/../../../../../H-x86_64-mingw32/nios2-elf/lib/mno-hw-mul\libm.a
LOAD d:/nios2eds/bin/gnu/h-x86_64-mingw32/bin/../lib/gcc/nios2-elf/10.3.1/mno-hw-mul\libgcc.a
START GROUP
LOAD d:/nios2eds/bin/gnu/h-x86_64-mingw32/bin/../lib/gcc/nios2-elf/10.3.1/../../../../../H-x86_64-mingw32/nios2-elf/lib/mno-hw-mul\libsmallc.a
LOAD d:/nios2eds/bin/gnu/h-x86_64-mingw32/bin/../lib/gcc/nios2-elf/10.3.1/mno-hw-mul\libgcc.a
LOAD c:/Users/linmo/Desktop/Golden_Top/software/hw_sw_bsp/\libhal_bsp.a
LOAD d:/nios2eds/bin/gnu/h-x86_64-mingw32/bin/../lib/gcc/nios2-elf/10.3.1/../../../../../H-x86_64-mingw32/nios2-elf/lib/mno-hw-mul\libm.a
END GROUP
LOAD d:/nios2eds/bin/gnu/h-x86_64-mingw32/bin/../lib/gcc/nios2-elf/10.3.1/mno-hw-mul\libgcc.a
                0x0000000000010000                __alt_mem_onchip_memory2_0 = 0x10000

.entry          0x0000000000010000       0x20
 *(.entry)
 .entry         0x0000000000010000       0x20 c:/Users/linmo/Desktop/Golden_Top/software/hw_sw_bsp//obj/HAL/src/crt0.o
                0x0000000000010000                __reset
                0x000000000001000c                _exit

.exceptions     0x0000000000010020        0x0
                0x0000000000010020                PROVIDE (__ram_exceptions_start = ABSOLUTE (.))
                0x0000000000010020                . = ALIGN (0x20)
 *(.irq)
 *(.exceptions.entry.label)
 *(.exceptions.entry.user)
 *(.exceptions.entry.ecc_fatal)
 *(.exceptions.entry)
 *(.exceptions.irqtest.user)
 *(.exceptions.irqtest)
 *(.exceptions.irqhandler.user)
 *(.exceptions.irqhandler)
 *(.exceptions.irqreturn.user)
 *(.exceptions.irqreturn)
 *(.exceptions.notirq.label)
 *(.exceptions.notirq.user)
 *(.exceptions.notirq)
 *(.exceptions.soft.user)
 *(.exceptions.soft)
 *(.exceptions.unknown.user)
 *(.exceptions.unknown)
 *(.exceptions.exit.label)
 *(.exceptions.exit.user)
 *(.exceptions.exit)
 *(.exceptions)
                0x0000000000010020                PROVIDE (__ram_exceptions_end = ABSOLUTE (.))
                0x0000000000010020                PROVIDE (__flash_exceptions_start = LOADADDR (.exceptions))

.text           0x0000000000010020      0x214
                [!provide]                        PROVIDE (stext = ABSOLUTE (.))
 *(.interp)
 *(.hash)
 *(.dynsym)
 *(.dynstr)
 *(.gnu.version)
 *(.gnu.version_d)
 *(.gnu.version_r)
 *(.rel.init)
 *(.rela.init)
 *(.rel.text .rel.text.* .rel.gnu.linkonce.t.*)
 *(.rela.text .rela.text.* .rela.gnu.linkonce.t.*)
 *(.rel.fini)
 *(.rela.fini)
 *(.rel.rodata .rel.rodata.* .rel.gnu.linkonce.r.*)
 *(.rela.rodata .rela.rodata.* .rela.gnu.linkonce.r.*)
 *(.rel.data .rel.data.* .rel.gnu.linkonce.d.*)
 *(.rela.data .rela.data.* .rela.gnu.linkonce.d.*)
 *(.rel.tdata .rel.tdata.* .rel.gnu.linkonce.td.*)
 *(.rela.tdata .rela.tdata.* .rela.gnu.linkonce.td.*)
 *(.rel.tbss .rel.tbss.* .rel.gnu.linkonce.tb.*)
 *(.rela.tbss .rela.tbss.* .rela.gnu.linkonce.tb.*)
 *(.rel.ctors)
 *(.rela.ctors)
 *(.rel.dtors)
 *(.rela.dtors)
 *(.rel.got)
 *(.rela.got)
 *(.rel.sdata .rel.sdata.* .rel.gnu.linkonce.s.*)
 *(.rela.sdata .rela.sdata.* .rela.gnu.linkonce.s.*)
 *(.rel.sbss .rel.sbss.* .rel.gnu.linkonce.sb.*)
 *(.rela.sbss .rela.sbss.* .rela.gnu.linkonce.sb.*)
 *(.rel.sdata2 .rel.sdata2.* .rel.gnu.linkonce.s2.*)
 *(.rela.sdata2 .rela.sdata2.* .rela.gnu.linkonce.s2.*)
 *(.rel.sbss2 .rel.sbss2.* .rel.gnu.linkonce.sb2.*)
 *(.rela.sbss2 .rela.sbss2.* .rela.gnu.linkonce.sb2.*)
 *(.rel.bss .rel.bss.* .rel.gnu.linkonce.b.*)
 *(.rela.bss .rela.bss.* .rela.gnu.linkonce.b.*)
 *(.rel.plt)
 *(.rela.plt)
 *(.rel.dyn)
 *(.init)
 *(.plt)
 *(.text .stub .text.* .gnu.linkonce.t.*)
 .text          0x0000000000010020       0x3c c:/Users/linmo/Desktop/Golden_Top/software/hw_sw_bsp//obj/HAL/src/crt0.o
                0x0000000000010020                _start
 .text          0x000000000001005c        0x0 obj/default/DE_hello_world.o
 .text.startup  0x000000000001005c       0x48 obj/default/DE_hello_world.o
                0x000000000001005c                main
 .text          0x00000000000100a4       0x84 c:/Users/linmo/Desktop/Golden_Top/software/hw_sw_bsp/\libhal_bsp.a(alt_load.o)
                0x00000000000100a4                alt_load
 .text          0x0000000000010128       0x2c c:/Users/linmo/Desktop/Golden_Top/software/hw_sw_bsp/\libhal_bsp.a(alt_main.o)
                0x0000000000010128                alt_main
 .text          0x0000000000010154       0x38 c:/Users/linmo/Desktop/Golden_Top/software/hw_sw_bsp/\libhal_bsp.a(alt_putstr.o)
                0x0000000000010154                alt_putstr
 .text          0x000000000001018c       0x24 c:/Users/linmo/Desktop/Golden_Top/software/hw_sw_bsp/\libhal_bsp.a(alt_sys_init.o)
                0x000000000001018c                alt_irq_init
                0x00000000000101ac                alt_sys_init
 .text          0x00000000000101b0       0x30 c:/Users/linmo/Desktop/Golden_Top/software/hw_sw_bsp/\libhal_bsp.a(altera_avalon_jtag_uart_write.o)
                0x00000000000101b0                altera_avalon_jtag_uart_write
 .text          0x00000000000101e0        0x4 c:/Users/linmo/Desktop/Golden_Top/software/hw_sw_bsp/\libhal_bsp.a(alt_dcache_flush_all.o)
                0x00000000000101e0                alt_dcache_flush_all
 .text          0x00000000000101e4        0x4 c:/Users/linmo/Desktop/Golden_Top/software/hw_sw_bsp/\libhal_bsp.a(alt_icache_flush_all.o)
                0x00000000000101e4                alt_icache_flush_all
 .text          0x00000000000101e8        0x8 c:/Users/linmo/Desktop/Golden_Top/software/hw_sw_bsp/\libhal_bsp.a(altera_nios2_gen2_irq.o)
                0x00000000000101e8                altera_nios2_gen2_irq_init
 .text          0x00000000000101f0        0x0 d:/nios2eds/bin/gnu/h-x86_64-mingw32/bin/../lib/gcc/nios2-elf/10.3.1/../../../../../H-x86_64-mingw32/nios2-elf/lib/mno-hw-mul\libsmallc.a(lib_a-memcpy.o)
 .text.memcpy   0x00000000000101f0       0x28 d:/nios2eds/bin/gnu/h-x86_64-mingw32/bin/../lib/gcc/nios2-elf/10.3.1/../../../../../H-x86_64-mingw32/nios2-elf/lib/mno-hw-mul\libsmallc.a(lib_a-memcpy.o)
                0x00000000000101f0                memcpy
 .text          0x0000000000010218        0x0 d:/nios2eds/bin/gnu/h-x86_64-mingw32/bin/../lib/gcc/nios2-elf/10.3.1/../../../../../H-x86_64-mingw32/nios2-elf/lib/mno-hw-mul\libsmallc.a(lib_a-strlen.o)
 .text.strlen   0x0000000000010218       0x1c d:/nios2eds/bin/gnu/h-x86_64-mingw32/bin/../lib/gcc/nios2-elf/10.3.1/../../../../../H-x86_64-mingw32/nios2-elf/lib/mno-hw-mul\libsmallc.a(lib_a-strlen.o)
                0x0000000000010218                strlen
 *(.gnu.warning.*)
 *(.fini)
                [!provide]                        PROVIDE (__etext = ABSOLUTE (.))
                [!provide]                        PROVIDE (_etext = ABSOLUTE (.))
                [!provide]                        PROVIDE (etext = ABSOLUTE (.))
 *(.eh_frame_hdr)
                0x0000000000010234                . = ALIGN (0x4)
                [!provide]                        PROVIDE (__preinit_array_start = ABSOLUTE (.))
 *(.preinit_array)
                [!provide]                        PROVIDE (__preinit_array_end = ABSOLUTE (.))
                [!provide]                        PROVIDE (__init_array_start = ABSOLUTE (.))
 *(.init_array)
                [!provide]                        PROVIDE (__init_array_end = ABSOLUTE (.))
                [!provide]                        PROVIDE (__fini_array_start = ABSOLUTE (.))
 *(.fini_array)
                [!provide]                        PROVIDE (__fini_array_end = ABSOLUTE (.))
 *(.eh_frame)
 *(.gcc_except_table .gcc_except_table.*)
 *(.dynamic)
                [!provide]                        PROVIDE (__CTOR_LIST__ = ABSOLUTE (.))
 *(.ctors)
 *(SORT_BY_NAME(.ctors.*))
                [!provide]                        PROVIDE (__CTOR_END__ = ABSOLUTE (.))
                [!provide]                        PROVIDE (__DTOR_LIST__ = ABSOLUTE (.))
 *(.dtors)
 *(SORT_BY_NAME(.dtors.*))
                [!provide]                        PROVIDE (__DTOR_END__ = ABSOLUTE (.))
 *(.jcr)
                0x0000000000010234                . = ALIGN (0x4)

.rodata         0x0000000000010234       0xa8
                0x0000000000010234                PROVIDE (__ram_rodata_start = ABSOLUTE (.))
                0x0000000000010234                . = ALIGN (0x4)
 *(.rodata .rodata.* .gnu.linkonce.r.*)
 .rodata.str1.4
                0x0000000000010234       0xa8 obj/default/DE_hello_world.o
 *(.rodata1)
                0x00000000000102dc                . = ALIGN (0x4)
                0x00000000000102dc                PROVIDE (__ram_rodata_end = ABSOLUTE (.))
                0x0000000000010234                PROVIDE (__flash_rodata_start = LOADADDR (.rodata))

.rwdata         0x00000000000102dc        0x4 load address 0x00000000000102e0
                0x00000000000102dc                PROVIDE (__ram_rwdata_start = ABSOLUTE (.))
                0x00000000000102dc                . = ALIGN (0x4)
 *(.got.plt)
 *(.got)
 *(.data1)
 *(.data .data.* .gnu.linkonce.d.*)
 .data          0x00000000000102dc        0x0 c:/Users/linmo/Desktop/Golden_Top/software/hw_sw_bsp//obj/HAL/src/crt0.o
 .data          0x00000000000102dc        0x0 obj/default/DE_hello_world.o
 .data          0x00000000000102dc        0x0 c:/Users/linmo/Desktop/Golden_Top/software/hw_sw_bsp/\libhal_bsp.a(alt_load.o)
 .data          0x00000000000102dc        0x0 c:/Users/linmo/Desktop/Golden_Top/software/hw_sw_bsp/\libhal_bsp.a(alt_main.o)
 .data          0x00000000000102dc        0x0 c:/Users/linmo/Desktop/Golden_Top/software/hw_sw_bsp/\libhal_bsp.a(alt_putstr.o)
 .data          0x00000000000102dc        0x0 c:/Users/linmo/Desktop/Golden_Top/software/hw_sw_bsp/\libhal_bsp.a(alt_sys_init.o)
 .data          0x00000000000102dc        0x0 c:/Users/linmo/Desktop/Golden_Top/software/hw_sw_bsp/\libhal_bsp.a(altera_avalon_jtag_uart_write.o)
 .data          0x00000000000102dc        0x0 c:/Users/linmo/Desktop/Golden_Top/software/hw_sw_bsp/\libhal_bsp.a(alt_dcache_flush_all.o)
 .data          0x00000000000102dc        0x0 c:/Users/linmo/Desktop/Golden_Top/software/hw_sw_bsp/\libhal_bsp.a(alt_icache_flush_all.o)
 .data          0x00000000000102dc        0x0 c:/Users/linmo/Desktop/Golden_Top/software/hw_sw_bsp/\libhal_bsp.a(altera_nios2_gen2_irq.o)
 .data          0x00000000000102dc        0x0 d:/nios2eds/bin/gnu/h-x86_64-mingw32/bin/../lib/gcc/nios2-elf/10.3.1/../../../../../H-x86_64-mingw32/nios2-elf/lib/mno-hw-mul\libsmallc.a(lib_a-memcpy.o)
 .data          0x00000000000102dc        0x0 d:/nios2eds/bin/gnu/h-x86_64-mingw32/bin/../lib/gcc/nios2-elf/10.3.1/../../../../../H-x86_64-mingw32/nios2-elf/lib/mno-hw-mul\libsmallc.a(lib_a-strlen.o)
                0x00000000000182dc                _gp = ABSOLUTE ((. + 0x8000))
                [!provide]                        PROVIDE (gp = _gp)
 *(.rwdata .rwdata.*)
 *(.sdata .sdata.* .gnu.linkonce.s.*)
 .sdata         0x00000000000102dc        0x4 c:/Users/linmo/Desktop/Golden_Top/software/hw_sw_bsp/\libhal_bsp.a(alt_sys_init.o)
                0x00000000000102dc                jtag_uart
 *(.sdata2 .sdata2.* .gnu.linkonce.s2.*)
                0x00000000000102e0                . = ALIGN (0x4)
                0x00000000000102e0                _edata = ABSOLUTE (.)
                [!provide]                        PROVIDE (edata = ABSOLUTE (.))
                0x00000000000102e0                PROVIDE (__ram_rwdata_end = ABSOLUTE (.))
                0x00000000000102e0                PROVIDE (__flash_rwdata_start = LOADADDR (.rwdata))

.bss            0x00000000000102e4        0xc
                0x00000000000102e4                __bss_start = ABSOLUTE (.)
                [!provide]                        PROVIDE (__sbss_start = ABSOLUTE (.))
                [!provide]                        PROVIDE (___sbss_start = ABSOLUTE (.))
 *(.dynsbss)
 *(.sbss .sbss.* .gnu.linkonce.sb.*)
 .sbss          0x00000000000102e4        0xc c:/Users/linmo/Desktop/Golden_Top/software/hw_sw_bsp/\libhal_bsp.a(alt_main.o)
                0x00000000000102e4                alt_envp
                0x00000000000102e8                alt_argv
                0x00000000000102ec                alt_argc
 *(.sbss2 .sbss2.* .gnu.linkonce.sb2.*)
 *(.scommon)
                [!provide]                        PROVIDE (__sbss_end = ABSOLUTE (.))
                [!provide]                        PROVIDE (___sbss_end = ABSOLUTE (.))
 *(.dynbss)
 *(.bss .bss.* .gnu.linkonce.b.*)
 .bss           0x00000000000102f0        0x0 c:/Users/linmo/Desktop/Golden_Top/software/hw_sw_bsp//obj/HAL/src/crt0.o
 .bss           0x00000000000102f0        0x0 obj/default/DE_hello_world.o
 .bss           0x00000000000102f0        0x0 c:/Users/linmo/Desktop/Golden_Top/software/hw_sw_bsp/\libhal_bsp.a(alt_load.o)
 .bss           0x00000000000102f0        0x0 c:/Users/linmo/Desktop/Golden_Top/software/hw_sw_bsp/\libhal_bsp.a(alt_main.o)
 .bss           0x00000000000102f0        0x0 c:/Users/linmo/Desktop/Golden_Top/software/hw_sw_bsp/\libhal_bsp.a(alt_putstr.o)
 .bss           0x00000000000102f0        0x0 c:/Users/linmo/Desktop/Golden_Top/software/hw_sw_bsp/\libhal_bsp.a(alt_sys_init.o)
 .bss           0x00000000000102f0        0x0 c:/Users/linmo/Desktop/Golden_Top/software/hw_sw_bsp/\libhal_bsp.a(altera_avalon_jtag_uart_write.o)
 .bss           0x00000000000102f0        0x0 c:/Users/linmo/Desktop/Golden_Top/software/hw_sw_bsp/\libhal_bsp.a(alt_dcache_flush_all.o)
 .bss           0x00000000000102f0        0x0 c:/Users/linmo/Desktop/Golden_Top/software/hw_sw_bsp/\libhal_bsp.a(alt_icache_flush_all.o)
 .bss           0x00000000000102f0        0x0 c:/Users/linmo/Desktop/Golden_Top/software/hw_sw_bsp/\libhal_bsp.a(altera_nios2_gen2_irq.o)
 .bss           0x00000000000102f0        0x0 d:/nios2eds/bin/gnu/h-x86_64-mingw32/bin/../lib/gcc/nios2-elf/10.3.1/../../../../../H-x86_64-mingw32/nios2-elf/lib/mno-hw-mul\libsmallc.a(lib_a-memcpy.o)
 .bss           0x00000000000102f0        0x0 d:/nios2eds/bin/gnu/h-x86_64-mingw32/bin/../lib/gcc/nios2-elf/10.3.1/../../../../../H-x86_64-mingw32/nios2-elf/lib/mno-hw-mul\libsmallc.a(lib_a-strlen.o)
 *(COMMON)
                0x00000000000102f0                . = ALIGN (0x4)
                0x00000000000102f0                __bss_end = ABSOLUTE (.)

.onchip_memory2_0
                0x00000000000102f0        0x0
                [!provide]                        PROVIDE (_alt_partition_onchip_memory2_0_start = ABSOLUTE (.))
 *(.onchip_memory2_0 .onchip_memory2_0. onchip_memory2_0.*)
                0x00000000000102f0                . = ALIGN (0x4)
                [!provide]                        PROVIDE (_alt_partition_onchip_memory2_0_end = ABSOLUTE (.))
                0x00000000000102f0                _end = ABSOLUTE (.)
                0x00000000000102f0                end = ABSOLUTE (.)
                0x00000000000102f0                __alt_stack_base = ABSOLUTE (.)
                [!provide]                        PROVIDE (_alt_partition_onchip_memory2_0_load_addr = LOADADDR (.onchip_memory2_0))

.stab
 *(.stab)

.stabstr
 *(.stabstr)

.stab.excl
 *(.stab.excl)

.stab.exclstr
 *(.stab.exclstr)

.stab.index
 *(.stab.index)

.stab.indexstr
 *(.stab.indexstr)

.comment        0x0000000000000000       0x2d
 *(.comment)
 .comment       0x0000000000000000       0x2d obj/default/DE_hello_world.o
                                         0x2e (size before relaxing)
 .comment       0x000000000000002d       0x2e c:/Users/linmo/Desktop/Golden_Top/software/hw_sw_bsp/\libhal_bsp.a(alt_load.o)
 .comment       0x000000000000002d       0x2e c:/Users/linmo/Desktop/Golden_Top/software/hw_sw_bsp/\libhal_bsp.a(alt_main.o)
 .comment       0x000000000000002d       0x2e c:/Users/linmo/Desktop/Golden_Top/software/hw_sw_bsp/\libhal_bsp.a(alt_putstr.o)
 .comment       0x000000000000002d       0x2e c:/Users/linmo/Desktop/Golden_Top/software/hw_sw_bsp/\libhal_bsp.a(alt_sys_init.o)
 .comment       0x000000000000002d       0x2e c:/Users/linmo/Desktop/Golden_Top/software/hw_sw_bsp/\libhal_bsp.a(altera_avalon_jtag_uart_write.o)
 .comment       0x000000000000002d       0x2e c:/Users/linmo/Desktop/Golden_Top/software/hw_sw_bsp/\libhal_bsp.a(alt_dcache_flush_all.o)
 .comment       0x000000000000002d       0x2e c:/Users/linmo/Desktop/Golden_Top/software/hw_sw_bsp/\libhal_bsp.a(alt_icache_flush_all.o)
 .comment       0x000000000000002d       0x2e c:/Users/linmo/Desktop/Golden_Top/software/hw_sw_bsp/\libhal_bsp.a(altera_nios2_gen2_irq.o)
 .comment       0x000000000000002d       0x2e d:/nios2eds/bin/gnu/h-x86_64-mingw32/bin/../lib/gcc/nios2-elf/10.3.1/../../../../../H-x86_64-mingw32/nios2-elf/lib/mno-hw-mul\libsmallc.a(lib_a-memcpy.o)
 .comment       0x000000000000002d       0x2e d:/nios2eds/bin/gnu/h-x86_64-mingw32/bin/../lib/gcc/nios2-elf/10.3.1/../../../../../H-x86_64-mingw32/nios2-elf/lib/mno-hw-mul\libsmallc.a(lib_a-strlen.o)

.debug
 *(.debug)

.line
 *(.line)

.debug_srcinfo
 *(.debug_srcinfo)

.debug_sfnames
 *(.debug_sfnames)

.debug_aranges  0x0000000000000000      0x188
 *(.debug_aranges)
 .debug_aranges
                0x0000000000000000       0x28 c:/Users/linmo/Desktop/Golden_Top/software/hw_sw_bsp//obj/HAL/src/crt0.o
 .debug_aranges
                0x0000000000000028       0x20 obj/default/DE_hello_world.o
 .debug_aranges
                0x0000000000000048       0x20 c:/Users/linmo/Desktop/Golden_Top/software/hw_sw_bsp/\libhal_bsp.a(alt_load.o)
 .debug_aranges
                0x0000000000000068       0x20 c:/Users/linmo/Desktop/Golden_Top/software/hw_sw_bsp/\libhal_bsp.a(alt_main.o)
 .debug_aranges
                0x0000000000000088       0x20 c:/Users/linmo/Desktop/Golden_Top/software/hw_sw_bsp/\libhal_bsp.a(alt_putstr.o)
 .debug_aranges
                0x00000000000000a8       0x20 c:/Users/linmo/Desktop/Golden_Top/software/hw_sw_bsp/\libhal_bsp.a(alt_sys_init.o)
 .debug_aranges
                0x00000000000000c8       0x20 c:/Users/linmo/Desktop/Golden_Top/software/hw_sw_bsp/\libhal_bsp.a(altera_avalon_jtag_uart_write.o)
 .debug_aranges
                0x00000000000000e8       0x20 c:/Users/linmo/Desktop/Golden_Top/software/hw_sw_bsp/\libhal_bsp.a(alt_dcache_flush_all.o)
 .debug_aranges
                0x0000000000000108       0x20 c:/Users/linmo/Desktop/Golden_Top/software/hw_sw_bsp/\libhal_bsp.a(alt_icache_flush_all.o)
 .debug_aranges
                0x0000000000000128       0x20 c:/Users/linmo/Desktop/Golden_Top/software/hw_sw_bsp/\libhal_bsp.a(altera_nios2_gen2_irq.o)
 .debug_aranges
                0x0000000000000148       0x20 d:/nios2eds/bin/gnu/h-x86_64-mingw32/bin/../lib/gcc/nios2-elf/10.3.1/../../../../../H-x86_64-mingw32/nios2-elf/lib/mno-hw-mul\libsmallc.a(lib_a-memcpy.o)
 .debug_aranges
                0x0000000000000168       0x20 d:/nios2eds/bin/gnu/h-x86_64-mingw32/bin/../lib/gcc/nios2-elf/10.3.1/../../../../../H-x86_64-mingw32/nios2-elf/lib/mno-hw-mul\libsmallc.a(lib_a-strlen.o)

.debug_pubnames
 *(.debug_pubnames)

.debug_info     0x0000000000000000      0xbf6
 *(.debug_info .gnu.linkonce.wi.*)
 .debug_info    0x0000000000000000       0x22 c:/Users/linmo/Desktop/Golden_Top/software/hw_sw_bsp//obj/HAL/src/crt0.o
 .debug_info    0x0000000000000022      0x102 obj/default/DE_hello_world.o
 .debug_info    0x0000000000000124      0x267 c:/Users/linmo/Desktop/Golden_Top/software/hw_sw_bsp/\libhal_bsp.a(alt_load.o)
 .debug_info    0x000000000000038b      0x129 c:/Users/linmo/Desktop/Golden_Top/software/hw_sw_bsp/\libhal_bsp.a(alt_main.o)
 .debug_info    0x00000000000004b4      0x132 c:/Users/linmo/Desktop/Golden_Top/software/hw_sw_bsp/\libhal_bsp.a(alt_putstr.o)
 .debug_info    0x00000000000005e6      0x12a c:/Users/linmo/Desktop/Golden_Top/software/hw_sw_bsp/\libhal_bsp.a(alt_sys_init.o)
 .debug_info    0x0000000000000710      0x14a c:/Users/linmo/Desktop/Golden_Top/software/hw_sw_bsp/\libhal_bsp.a(altera_avalon_jtag_uart_write.o)
 .debug_info    0x000000000000085a       0x8c c:/Users/linmo/Desktop/Golden_Top/software/hw_sw_bsp/\libhal_bsp.a(alt_dcache_flush_all.o)
 .debug_info    0x00000000000008e6       0x8c c:/Users/linmo/Desktop/Golden_Top/software/hw_sw_bsp/\libhal_bsp.a(alt_icache_flush_all.o)
 .debug_info    0x0000000000000972       0x8c c:/Users/linmo/Desktop/Golden_Top/software/hw_sw_bsp/\libhal_bsp.a(altera_nios2_gen2_irq.o)
 .debug_info    0x00000000000009fe      0x128 d:/nios2eds/bin/gnu/h-x86_64-mingw32/bin/../lib/gcc/nios2-elf/10.3.1/../../../../../H-x86_64-mingw32/nios2-elf/lib/mno-hw-mul\libsmallc.a(lib_a-memcpy.o)
 .debug_info    0x0000000000000b26       0xd0 d:/nios2eds/bin/gnu/h-x86_64-mingw32/bin/../lib/gcc/nios2-elf/10.3.1/../../../../../H-x86_64-mingw32/nios2-elf/lib/mno-hw-mul\libsmallc.a(lib_a-strlen.o)

.debug_abbrev   0x0000000000000000      0x77d
 *(.debug_abbrev)
 .debug_abbrev  0x0000000000000000       0x12 c:/Users/linmo/Desktop/Golden_Top/software/hw_sw_bsp//obj/HAL/src/crt0.o
 .debug_abbrev  0x0000000000000012       0xa0 obj/default/DE_hello_world.o
 .debug_abbrev  0x00000000000000b2      0x125 c:/Users/linmo/Desktop/Golden_Top/software/hw_sw_bsp/\libhal_bsp.a(alt_load.o)
 .debug_abbrev  0x00000000000001d7       0xba c:/Users/linmo/Desktop/Golden_Top/software/hw_sw_bsp/\libhal_bsp.a(alt_main.o)
 .debug_abbrev  0x0000000000000291       0xe0 c:/Users/linmo/Desktop/Golden_Top/software/hw_sw_bsp/\libhal_bsp.a(alt_putstr.o)
 .debug_abbrev  0x0000000000000371      0x10b c:/Users/linmo/Desktop/Golden_Top/software/hw_sw_bsp/\libhal_bsp.a(alt_sys_init.o)
 .debug_abbrev  0x000000000000047c       0xea c:/Users/linmo/Desktop/Golden_Top/software/hw_sw_bsp/\libhal_bsp.a(altera_avalon_jtag_uart_write.o)
 .debug_abbrev  0x0000000000000566       0x44 c:/Users/linmo/Desktop/Golden_Top/software/hw_sw_bsp/\libhal_bsp.a(alt_dcache_flush_all.o)
 .debug_abbrev  0x00000000000005aa       0x44 c:/Users/linmo/Desktop/Golden_Top/software/hw_sw_bsp/\libhal_bsp.a(alt_icache_flush_all.o)
 .debug_abbrev  0x00000000000005ee       0x44 c:/Users/linmo/Desktop/Golden_Top/software/hw_sw_bsp/\libhal_bsp.a(altera_nios2_gen2_irq.o)
 .debug_abbrev  0x0000000000000632       0xbe d:/nios2eds/bin/gnu/h-x86_64-mingw32/bin/../lib/gcc/nios2-elf/10.3.1/../../../../../H-x86_64-mingw32/nios2-elf/lib/mno-hw-mul\libsmallc.a(lib_a-memcpy.o)
 .debug_abbrev  0x00000000000006f0       0x8d d:/nios2eds/bin/gnu/h-x86_64-mingw32/bin/../lib/gcc/nios2-elf/10.3.1/../../../../../H-x86_64-mingw32/nios2-elf/lib/mno-hw-mul\libsmallc.a(lib_a-strlen.o)

.debug_line     0x0000000000000000      0x9e2
 *(.debug_line)
 .debug_line    0x0000000000000000       0x66 c:/Users/linmo/Desktop/Golden_Top/software/hw_sw_bsp//obj/HAL/src/crt0.o
 .debug_line    0x0000000000000066      0x138 obj/default/DE_hello_world.o
 .debug_line    0x000000000000019e      0x101 c:/Users/linmo/Desktop/Golden_Top/software/hw_sw_bsp/\libhal_bsp.a(alt_load.o)
 .debug_line    0x000000000000029f       0xe0 c:/Users/linmo/Desktop/Golden_Top/software/hw_sw_bsp/\libhal_bsp.a(alt_main.o)
 .debug_line    0x000000000000037f       0xa5 c:/Users/linmo/Desktop/Golden_Top/software/hw_sw_bsp/\libhal_bsp.a(alt_putstr.o)
 .debug_line    0x0000000000000424       0xe0 c:/Users/linmo/Desktop/Golden_Top/software/hw_sw_bsp/\libhal_bsp.a(alt_sys_init.o)
 .debug_line    0x0000000000000504       0xd6 c:/Users/linmo/Desktop/Golden_Top/software/hw_sw_bsp/\libhal_bsp.a(altera_avalon_jtag_uart_write.o)
 .debug_line    0x00000000000005da       0x53 c:/Users/linmo/Desktop/Golden_Top/software/hw_sw_bsp/\libhal_bsp.a(alt_dcache_flush_all.o)
 .debug_line    0x000000000000062d       0x51 c:/Users/linmo/Desktop/Golden_Top/software/hw_sw_bsp/\libhal_bsp.a(alt_icache_flush_all.o)
 .debug_line    0x000000000000067e       0x5a c:/Users/linmo/Desktop/Golden_Top/software/hw_sw_bsp/\libhal_bsp.a(altera_nios2_gen2_irq.o)
 .debug_line    0x00000000000006d8      0x18d d:/nios2eds/bin/gnu/h-x86_64-mingw32/bin/../lib/gcc/nios2-elf/10.3.1/../../../../../H-x86_64-mingw32/nios2-elf/lib/mno-hw-mul\libsmallc.a(lib_a-memcpy.o)
 .debug_line    0x0000000000000865      0x17d d:/nios2eds/bin/gnu/h-x86_64-mingw32/bin/../lib/gcc/nios2-elf/10.3.1/../../../../../H-x86_64-mingw32/nios2-elf/lib/mno-hw-mul\libsmallc.a(lib_a-strlen.o)

.debug_frame    0x0000000000000000      0x1ac
 *(.debug_frame)
 .debug_frame   0x0000000000000000       0x28 obj/default/DE_hello_world.o
 .debug_frame   0x0000000000000028       0x2c c:/Users/linmo/Desktop/Golden_Top/software/hw_sw_bsp/\libhal_bsp.a(alt_load.o)
 .debug_frame   0x0000000000000054       0x2c c:/Users/linmo/Desktop/Golden_Top/software/hw_sw_bsp/\libhal_bsp.a(alt_main.o)
 .debug_frame   0x0000000000000080       0x30 c:/Users/linmo/Desktop/Golden_Top/software/hw_sw_bsp/\libhal_bsp.a(alt_putstr.o)
 .debug_frame   0x00000000000000b0       0x3c c:/Users/linmo/Desktop/Golden_Top/software/hw_sw_bsp/\libhal_bsp.a(alt_sys_init.o)
 .debug_frame   0x00000000000000ec       0x20 c:/Users/linmo/Desktop/Golden_Top/software/hw_sw_bsp/\libhal_bsp.a(altera_avalon_jtag_uart_write.o)
 .debug_frame   0x000000000000010c       0x20 c:/Users/linmo/Desktop/Golden_Top/software/hw_sw_bsp/\libhal_bsp.a(alt_dcache_flush_all.o)
 .debug_frame   0x000000000000012c       0x20 c:/Users/linmo/Desktop/Golden_Top/software/hw_sw_bsp/\libhal_bsp.a(alt_icache_flush_all.o)
 .debug_frame   0x000000000000014c       0x20 c:/Users/linmo/Desktop/Golden_Top/software/hw_sw_bsp/\libhal_bsp.a(altera_nios2_gen2_irq.o)
 .debug_frame   0x000000000000016c       0x20 d:/nios2eds/bin/gnu/h-x86_64-mingw32/bin/../lib/gcc/nios2-elf/10.3.1/../../../../../H-x86_64-mingw32/nios2-elf/lib/mno-hw-mul\libsmallc.a(lib_a-memcpy.o)
 .debug_frame   0x000000000000018c       0x20 d:/nios2eds/bin/gnu/h-x86_64-mingw32/bin/../lib/gcc/nios2-elf/10.3.1/../../../../../H-x86_64-mingw32/nios2-elf/lib/mno-hw-mul\libsmallc.a(lib_a-strlen.o)

.debug_str      0x0000000000000000      0x5e0
 *(.debug_str)
 .debug_str     0x0000000000000000       0x53 c:/Users/linmo/Desktop/Golden_Top/software/hw_sw_bsp//obj/HAL/src/crt0.o
 .debug_str     0x0000000000000053      0x111 obj/default/DE_hello_world.o
                                        0x14f (size before relaxing)
 .debug_str     0x0000000000000164      0x12c c:/Users/linmo/Desktop/Golden_Top/software/hw_sw_bsp/\libhal_bsp.a(alt_load.o)
                                        0x250 (size before relaxing)
 .debug_str     0x0000000000000290       0x5e c:/Users/linmo/Desktop/Golden_Top/software/hw_sw_bsp/\libhal_bsp.a(alt_main.o)
                                        0x180 (size before relaxing)
 .debug_str     0x00000000000002ee       0x64 c:/Users/linmo/Desktop/Golden_Top/software/hw_sw_bsp/\libhal_bsp.a(alt_putstr.o)
                                        0x18c (size before relaxing)
 .debug_str     0x0000000000000352       0x6b c:/Users/linmo/Desktop/Golden_Top/software/hw_sw_bsp/\libhal_bsp.a(alt_sys_init.o)
                                        0x1cc (size before relaxing)
 .debug_str     0x00000000000003bd       0x38 c:/Users/linmo/Desktop/Golden_Top/software/hw_sw_bsp/\libhal_bsp.a(altera_avalon_jtag_uart_write.o)
                                        0x1bd (size before relaxing)
 .debug_str     0x00000000000003f5       0x1f c:/Users/linmo/Desktop/Golden_Top/software/hw_sw_bsp/\libhal_bsp.a(alt_dcache_flush_all.o)
                                        0x151 (size before relaxing)
 .debug_str     0x0000000000000414       0x1f c:/Users/linmo/Desktop/Golden_Top/software/hw_sw_bsp/\libhal_bsp.a(alt_icache_flush_all.o)
                                        0x151 (size before relaxing)
 .debug_str     0x0000000000000433       0x20 c:/Users/linmo/Desktop/Golden_Top/software/hw_sw_bsp/\libhal_bsp.a(altera_nios2_gen2_irq.o)
                                        0x158 (size before relaxing)
 .debug_str     0x0000000000000453      0x14e d:/nios2eds/bin/gnu/h-x86_64-mingw32/bin/../lib/gcc/nios2-elf/10.3.1/../../../../../H-x86_64-mingw32/nios2-elf/lib/mno-hw-mul\libsmallc.a(lib_a-memcpy.o)
                                        0x1ea (size before relaxing)
 .debug_str     0x00000000000005a1       0x3f d:/nios2eds/bin/gnu/h-x86_64-mingw32/bin/../lib/gcc/nios2-elf/10.3.1/../../../../../H-x86_64-mingw32/nios2-elf/lib/mno-hw-mul\libsmallc.a(lib_a-strlen.o)
                                        0x1dc (size before relaxing)

.debug_loc      0x0000000000000000      0x298
 *(.debug_loc)
 .debug_loc     0x0000000000000000       0x33 obj/default/DE_hello_world.o
 .debug_loc     0x0000000000000033       0x3f c:/Users/linmo/Desktop/Golden_Top/software/hw_sw_bsp/\libhal_bsp.a(alt_putstr.o)
 .debug_loc     0x0000000000000072       0x25 c:/Users/linmo/Desktop/Golden_Top/software/hw_sw_bsp/\libhal_bsp.a(alt_sys_init.o)
 .debug_loc     0x0000000000000097       0x93 c:/Users/linmo/Desktop/Golden_Top/software/hw_sw_bsp/\libhal_bsp.a(altera_avalon_jtag_uart_write.o)
 .debug_loc     0x000000000000012a      0x12a d:/nios2eds/bin/gnu/h-x86_64-mingw32/bin/../lib/gcc/nios2-elf/10.3.1/../../../../../H-x86_64-mingw32/nios2-elf/lib/mno-hw-mul\libsmallc.a(lib_a-memcpy.o)
 .debug_loc     0x0000000000000254       0x44 d:/nios2eds/bin/gnu/h-x86_64-mingw32/bin/../lib/gcc/nios2-elf/10.3.1/../../../../../H-x86_64-mingw32/nios2-elf/lib/mno-hw-mul\libsmallc.a(lib_a-strlen.o)

.debug_macinfo
 *(.debug_macinfo)

.debug_weaknames
 *(.debug_weaknames)

.debug_funcnames
 *(.debug_funcnames)

.debug_typenames
 *(.debug_typenames)

.debug_varnames
 *(.debug_varnames)

.debug_alt_sim_info
                0x0000000000000000       0x10
 *(.debug_alt_sim_info)
 .debug_alt_sim_info
                0x0000000000000000       0x10 c:/Users/linmo/Desktop/Golden_Top/software/hw_sw_bsp//obj/HAL/src/crt0.o
                0x0000000000020000                __alt_data_end = 0x20000
                0x0000000000020000                PROVIDE (__alt_stack_pointer = __alt_data_end)
                [!provide]                        PROVIDE (__alt_stack_limit = __alt_stack_base)
                [!provide]                        PROVIDE (__alt_heap_start = end)
                [!provide]                        PROVIDE (__alt_heap_limit = 0x20000)
OUTPUT(hw_sw.elf elf32-littlenios2)
LOAD linker stubs

.debug_ranges   0x0000000000000000       0x80
 .debug_ranges  0x0000000000000000       0x20 c:/Users/linmo/Desktop/Golden_Top/software/hw_sw_bsp//obj/HAL/src/crt0.o
 .debug_ranges  0x0000000000000020       0x10 obj/default/DE_hello_world.o
 .debug_ranges  0x0000000000000030       0x30 c:/Users/linmo/Desktop/Golden_Top/software/hw_sw_bsp/\libhal_bsp.a(alt_load.o)
 .debug_ranges  0x0000000000000060       0x10 d:/nios2eds/bin/gnu/h-x86_64-mingw32/bin/../lib/gcc/nios2-elf/10.3.1/../../../../../H-x86_64-mingw32/nios2-elf/lib/mno-hw-mul\libsmallc.a(lib_a-memcpy.o)
 .debug_ranges  0x0000000000000070       0x10 d:/nios2eds/bin/gnu/h-x86_64-mingw32/bin/../lib/gcc/nios2-elf/10.3.1/../../../../../H-x86_64-mingw32/nios2-elf/lib/mno-hw-mul\libsmallc.a(lib_a-strlen.o)
